// Jest Snapshot v1, https://goo.gl/fbAQLP

exports[`The appearance and functionality of the top navigation component Matches the previous snapshot of the Top Navigation Component 1`] = `
<header
  className="topNavigationContainer"
>
  <nav>
    <div
      className="topNavSearch"
    >
      <input
        placeholder="Search For.."
        type="text"
      />
      <button>
        <svg
          aria-hidden="true"
          className="svg-inline--fa fa-search fa-w-16 "
          data-icon="search"
          data-prefix="fas"
          focusable="false"
          role="img"
          style={Object {}}
          viewBox="0 0 512 512"
          xmlns="http://www.w3.org/2000/svg"
        >
          <path
            d="M505 442.7L405.3 343c-4.5-4.5-10.6-7-17-7H372c27.6-35.3 44-79.7 44-128C416 93.1 322.9 0 208 0S0 93.1 0 208s93.1 208 208 208c48.3 0 92.7-16.4 128-44v16.3c0 6.4 2.5 12.5 7 17l99.7 99.7c9.4 9.4 24.6 9.4 33.9 0l28.3-28.3c9.4-9.4 9.4-24.6.1-34zM208 336c-70.7 0-128-57.2-128-128 0-70.7 57.2-128 128-128 70.7 0 128 57.2 128 128 0 70.7-57.2 128-128 128z"
            fill="currentColor"
            style={Object {}}
          />
        </svg>
      </button>
    </div>
    <div
      className="topNavProfileButtons"
    >
      <button>
        <svg
          aria-hidden="true"
          className="svg-inline--fa fa-bell fa-w-14 "
          data-icon="bell"
          data-prefix="fas"
          focusable="false"
          role="img"
          style={Object {}}
          viewBox="0 0 448 512"
          xmlns="http://www.w3.org/2000/svg"
        >
          <path
            d="M224 512c35.32 0 63.97-28.65 63.97-64H160.03c0 35.35 28.65 64 63.97 64zm215.39-149.71c-19.32-20.76-55.47-51.99-55.47-154.29 0-77.7-54.48-139.9-127.94-155.16V32c0-17.67-14.32-32-31.98-32s-31.98 14.33-31.98 32v20.84C118.56 68.1 64.08 130.3 64.08 208c0 102.3-36.15 133.53-55.47 154.29-6 6.45-8.66 14.16-8.61 21.71.11 16.4 12.98 32 32.1 32h383.8c19.12 0 32-15.6 32.1-32 .05-7.55-2.61-15.27-8.61-21.71z"
            fill="currentColor"
            style={Object {}}
          />
        </svg>
        <p>
          4
        </p>
      </button>
      <button>
        <svg
          aria-hidden="true"
          className="svg-inline--fa fa-envelope fa-w-16 "
          data-icon="envelope"
          data-prefix="fas"
          focusable="false"
          role="img"
          style={Object {}}
          viewBox="0 0 512 512"
          xmlns="http://www.w3.org/2000/svg"
        >
          <path
            d="M502.3 190.8c3.9-3.1 9.7-.2 9.7 4.7V400c0 26.5-21.5 48-48 48H48c-26.5 0-48-21.5-48-48V195.6c0-5 5.7-7.8 9.7-4.7 22.4 17.4 52.1 39.5 154.1 113.6 21.1 15.4 56.7 47.8 92.2 47.6 35.7.3 72-32.8 92.3-47.6 102-74.1 131.6-96.3 154-113.7zM256 320c23.2.4 56.6-29.2 73.4-41.4 132.7-96.3 142.8-104.7 173.4-128.7 5.8-4.5 9.2-11.5 9.2-18.9v-19c0-26.5-21.5-48-48-48H48C21.5 64 0 85.5 0 112v19c0 7.4 3.4 14.3 9.2 18.9 30.6 23.9 40.7 32.4 173.4 128.7 16.8 12.2 50.2 41.8 73.4 41.4z"
            fill="currentColor"
            style={Object {}}
          />
        </svg>
        <p>
          1
        </p>
      </button>
    </div>
    <div
      className="topNavUserProfile"
    >
      <p>
        Jack Niu
      </p>
      <img
        alt="Jack Niu's Profile"
        src="profileImg.jpeg"
      />
    </div>
  </nav>
</header>
`;
